// Jest Snapshot v1, https://goo.gl/fbAQLP

exports[`getByText Component renders 1`] = `
<div>
  <button
    class="css-13e6qem css-uzwnr3"
    type="button"
  >
    Hello Button
  </button>
</div>
`;
